LIBALURE_1.0 {
  global:
    alureGetVersion;
    alureGetErrorString;
    alureGetDeviceNames;
    alureFreeDeviceNames;
    alureInitDevice;
    alureShutdownDevice;
    alureGetSampleFormat;
    alureSleep;
    alureCreateBufferFromFile;
    alureCreateBufferFromMemory;
    alureBufferDataFromFile;
    alureBufferDataFromMemory;
    alureCreateStreamFromFile;
    alureCreateStreamFromMemory;
    alureCreateStreamFromStaticMemory;
    alureCreateStreamFromCallback;
    alureBufferDataFromStream;
    alureRewindStream;
    alureDestroyStream;
    alureInstallDecodeCallbacks;

  local: *;
};
LIBALURE_1.1 {
  global:
    alureGetStreamFrequency;
    alureSetStreamOrder;
    alureSetStreamPatchset;
    alureStreamSizeIsMicroSec;
    alureUpdate;
    alureUpdateInterval;
    alurePlaySourceStream;
    alurePlaySource;
    alureStopSource;
    alurePauseSource;
    alureResumeSource;
    alureSetIOCallbacks;
    alureGetProcAddress;
} LIBALURE_1.0;
LIBALURE_1.2 {
  global:
    alureGetStreamLength;
    alureSetIOCallbacksUserdata;
} LIBALURE_1.1;
